// Vitest Snapshot v1, https://vitest.dev/guide/snapshot.html

exports[`display loader with variant 1`] = `
<div>
  <span
    class="style_loader_s__1v4i49g2 style_base__1v4i49g0"
    data-shown="true"
    role="alert"
  >
    <span
      class="style_spinLoader_s__1v4i49g6 style_spinLoaderBase__1v4i49g5 style_animation_spin__6vbqbm3r"
    >
      <span
        class="loader2_small_cerise__1x64t376 style_iconSmall__12cnpf31 style_iconBase__12cnpf30"
      />
    </span>
  </span>
</div>
`;
