// Vitest Snapshot v1, https://vitest.dev/guide/snapshot.html

exports[`should throw error when do not provide implementation 1`] = `[Error: Provider not found]`;
